Script started on 2022-10-06 08:12:43-07:00 [TERM="xterm" TTY="/dev/pts/9" COLUMNS="80" LINES="24"]
# git push --set-upstream orgin   igin update_script
Password for 'https://{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}@github.com': 
Enumerating objects: 9, done.
Counting objects:  11% (1/9)Counting objects:  22% (2/9)Counting objects:  33% (3/9)Counting objects:  44% (4/9)Counting objects:  55% (5/9)Counting objects:  66% (6/9)Counting objects:  77% (7/9)Counting objects:  88% (8/9)Counting objects: 100% (9/9)Counting objects: 100% (9/9), done.
Delta compression using up to 2 threads
Compressing objects:  25% (1/4)Compressing objects:  50% (2/4)Compressing objects:  75% (3/4)Compressing objects: 100% (4/4)Compressing objects: 100% (4/4), done.
Writing objects:  20% (1/5)Writing objects:  40% (2/5)Writing objects:  60% (3/5)Writing objects:  80% (4/5)Writing objects: 100% (5/5)Writing objects: 100% (5/5), 573 bytes | 573.00 KiB/s, done.
Total 5 (delta 0), reused 0 (delta 0)
To https://github.com/RogueRasheed/alx-zero_day.git
   f1ad7d4..69dafa8  update_script -> update_script
Branch 'update_script' set up to track remote branch 'update_script' from 'origin'.
# 
# clear
[H[2J[3J# git branch 
[?1h=  master[m[m
* [32mupdate_script[m[m
[K[?1l># git checkout master
Switched to branch 'master'
Your branch is up to date with 'origin/master'.
# git c brach  nch
[?1h=* [32mmaster[m[m
  update_script[m[m
[K[?1l># cd bash
# vi alx
[?1049h[22;0;0t[>4;2m[?1h=[?2004h[1;24r[?12h[?12l[22;2t[22;1t[27m[23m[29m[m[H[2J[?25l[24;1H"alx" 2L, 23C[2;1H▽[6n[2;1H  [1;1H[>c]10;?]11;?[1;1H[34m#!/bin/bash[m
[33mecho[m[31m [m[33m"[m[31mALX[m[33m"[m
[1m[34m~                                                                               [4;1H~                                                                               [5;1H~                                                                               [6;1H~                                                                               [7;1H~                                                                               [8;1H~                                                                               [9;1H~                                                                               [10;1H~                                                                               [11;1H~                                                                               [12;1H~                                                                               [13;1H~                                                                               [14;1H~                                                                               [15;1H~                                                                               [16;1H~                                                                               [17;1H~                                                                               [18;1H~                                                                               [19;1H~                                                                               [20;1H~                                                                               [21;1H~                                                                               [22;1H~                                                                               [23;1H~                                                                               [m[24;63H2,10[10CAll[2;10H[?25hP+q436f\P+q6b75\P+q6b64\P+q6b72\P+q6b6c\P+q2332\P+q2334\P+q2569\P+q2a37\P+q6b31\[?12$pP+q6b32\P+q6b33\P+q6b34\P+q6b35\P+q6b36\[?25l[24;53H^[[2;10H[24;55HP[2;10H[24;56H0[2;10H[24;57H+[2;10H[24;58Hr[2;10H[24;59H2[2;10H[24;60H3[2;10H[24;61H3[2;10H[24;62H2[2;10H[24;53H          [2;10HP+q6b37\P+q6b38\P+q6b39\P+q6b3b\P+q4631\[?25hP+q4632\P+q2531\P+q2638\P+q6b62\P+q6b49\P+q6b44\[?25l[24;53H^[[2;10H[24;55HP[2;10H[24;56H0[2;10H[24;57H+[2;10H[24;58Hr[2;10H[24;53H      [2;10HP+q6b68\P+q4037\P+q6b50\P+q6b4e\[?25hP+q4b31\P+q4b33\P+q4b34\P+q4b35\P+q6b42\[?25l[24;53H^[[2;10H[24;53H  [2;10H[?25h[?25l[24;53Hi[2;10H[24;53H [2;10H[24;1H[1m-- INSERT --[m[24;13H[K[24;63H2,10[10CAll[2;10H[?25h[?25l[33m"[m[2;10H[K[24;65H9 [2;9H[?25h[?25l[33m"[m[2;9H[K[24;65H8[2;8H[?25h[?25l[33m"[m[2;8H[K[24;65H7[2;7H[?25h[?25l[31mALX School is so cool![m[33m"[m[24;65H29[2;29H[?25h[24;1H[K[2;28H[?25l[24;53H^[[2;28H[24;53H  [2;29H[24;63H2,28[10CAll[2;28H[?25h[?25l[24;53H:[2;28H[24;53H[K[24;1H:[?2004h[?25hwq[?25l[?2004l"alx" 2L, 42C written[23;2t[23;1t
[?2004l[?1l>[?25h[>4;m[?1049l[23;0;0t# cat lax   alx
#!/bin/bash
echo "ALX School is so cool!"
# cd ..
# rm -r js
# ls
bash  c  README.md  typescript
# git add .
# git commit -m"Hot fix"
[master a9bac72] Hot fix
 4 files changed, 29 insertions(+), 1 deletion(-)
 delete mode 100644 0x03-git/js/index.js
 delete mode 100644 0x03-git/js/main.js
 create mode 100644 0x03-git/typescript
# git push
Password for 'https://{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}@github.com': 
Enumerating objects: 10, done.
Counting objects:  10% (1/10)Counting objects:  20% (2/10)Counting objects:  30% (3/10)Counting objects:  40% (4/10)Counting objects:  50% (5/10)Counting objects:  60% (6/10)Counting objects:  70% (7/10)Counting objects:  80% (8/10)Counting objects:  90% (9/10)Counting objects: 100% (10/10)Counting objects: 100% (10/10), done.
Delta compression using up to 2 threads
Compressing objects:  20% (1/5)Compressing objects:  40% (2/5)Compressing objects:  60% (3/5)Compressing objects:  80% (4/5)Compressing objects: 100% (5/5)Compressing objects: 100% (5/5), done.
Writing objects:  16% (1/6)Writing objects:  33% (2/6)Writing objects:  50% (3/6)Writing objects:  66% (4/6)Writing objects:  83% (5/6)Writing objects: 100% (6/6)Writing objects: 100% (6/6), 1.60 KiB | 1.60 MiB/s, done.
Total 6 (delta 0), reused 0 (delta 0)
To https://github.com/RogueRasheed/alx-zero_day.git
   0d518a7..a9bac72  master -> master
# git pull
remote: Enumerating objects: 5, done.[K
remote: Counting objects:  20% (1/5)[Kremote: Counting objects:  40% (2/5)[Kremote: Counting objects:  60% (3/5)[Kremote: Counting objects:  80% (4/5)[Kremote: Counting objects: 100% (5/5)[Kremote: Counting objects: 100% (5/5), done.[K
remote: Compressing objects:  50% (1/2)[Kremote: Compressing objects: 100% (2/2)[Kremote: Compressing objects: 100% (2/2), done.[K
remote: Total 3 (delta 1), reused 0 (delta 0), pack-reused 0[K
Unpacking objects:  33% (1/3)Unpacking objects:  66% (2/3)Unpacking objects: 100% (3/3)Unpacking objects: 100% (3/3), 662 bytes | 662.00 KiB/s, done.
From https://github.com/RogueRasheed/alx-zero_day
   a9bac72..2225dce  master     -> origin/master
Updating a9bac72..2225dce
Fast-forward
 README.md | 2 [32m++[m
 1 file changed, 2 insertions(+)
# vi
[?1049h[22;0;0t[>4;2m[?1h=[?2004h[1;24r[?12h[?12l[22;2t[22;1t[27m[23m[29m[m[H[2J[2;1H▽[6n[2;1H  [1;1H[>c]10;?]11;?[?25l[2;1H[1m[34m~                                                                               [3;1H~                                                                               [4;1H~                                                                               [5;1H~                                                                               [6;1H~                                                                               [7;1H~                                                                               [8;1H~                                                                               [9;1H~                                                                               [10;1H~                                                                               [11;1H~                                                                               [12;1H~                                                                               [13;1H~                                                                               [14;1H~                                                                               [15;1H~                                                                               [16;1H~                                                                               [17;1H~                                                                               [18;1H~                                                                               [19;1H~                                                                               [20;1H~                                                                               [21;1H~                                                                               [22;1H~                                                                               [23;1H~                                                                               [m[24;63H0,0-1[9CAll[6;32HVIM - Vi IMproved[8;33Hversion 8.1.3741[9;29Hby Bram Moolenaar et al.[10;21HModified by team+vim@tracker.debian.org[11;19HVim is open source and freely distributable[13;26HHelp poor children in Uganda![14;18Htype  :help iccf[34m<Enter>[m       for information [16;18Htype  :q[34m<Enter>[m               to exit         [17;18Htype  :help[34m<Enter>[m  or  [34m<F1>[m  for on-line help[18;18Htype  :help version8[34m<Enter>[m   for version info[1;1H[?25hP+q436f\P+q6b75\P+q6b64\P+q6b72\P+q6b6c\P+q2332\P+q2334\P+q2569\P+q2a37\P+q6b31\[?12$pP+q6b32\P+q6b33\P+q6b34\P+q6b35\P+q6b36\[?25l[24;53H^[[1;1H[24;55HP[1;1H[24;56H0[1;1H[24;57H+[1;1H[24;58Hr[1;1H[24;59H2[1;1H[24;60H3[1;1H[24;61H3[1;1H[24;62H2[1;1H[24;53H          [1;1HP+q6b37\P+q6b38\P+q6b39\P+q6b3b\P+q4631\[?25hP+q4632\P+q2531\P+q2638\P+q6b62\P+q6b49\P+q6b44\[?25l[24;53H^[[1;1H[24;55HP[1;1H[24;56H0[1;1H[24;57H+[1;1H[24;58Hr[1;1H[24;53H      [1;1HP+q6b68\P+q4037\P+q6b50\P+q6b4e\[?25hP+q4b31\P+q4b33\P+q4b34\P+q4b35\P+q6b42\[?25l[24;53H^[[1;1H[24;53H  [1;1H[?25h[?25l[24;53H"[1;1H[?25h[?25l[24;54H:[1;1H[?25h[?25l[24;55H~@k[1;1H[24;53H     [1;1H[?25h[?25l[24;53H~@k[1;1H[24;53H   [1;1H[?25h[?25l[24;53H:[1;1H[24;53H[K[24;1H:[?2004h[?25hq[?25l[?2004l[23;2t[23;1t[24;1H[K[24;1H[?2004l[?1l>[?25h[>4;m[?1049l[23;0;0t# vi up_to_date
[?1049h[22;0;0t[>4;2m[?1h=[?2004h[1;24r[?12h[?12l[22;2t[22;1t[27m[23m[29m[m[H[2J[?25l[24;1H"up_to_date" [New File][2;1H▽[6n[2;1H  [1;1H[>c]10;?]11;?[2;1H[1m[34m~                                                                               [3;1H~                                                                               [4;1H~                                                                               [5;1H~                                                                               [6;1H~                                                                               [7;1H~                                                                               [8;1H~                                                                               [9;1H~                                                                               [10;1H~                                                                               [11;1H~                                                                               [12;1H~                                                                               [13;1H~                                                                               [14;1H~                                                                               [15;1H~                                                                               [16;1H~                                                                               [17;1H~                                                                               [18;1H~                                                                               [19;1H~                                                                               [20;1H~                                                                               [21;1H~                                                                               [22;1H~                                                                               [23;1H~                                                                               [m[24;63H0,0-1[9CAll[1;1H[?25hP+q436f\P+q6b75\P+q6b64\P+q6b72\P+q6b6c\P+q2332\P+q2334\P+q2569\P+q2a37\P+q6b31\[?12$pP+q6b32\P+q6b33\P+q6b34\P+q6b35\P+q6b36\[?25l[24;53H^[[1;1H[24;55HP[1;1H[24;56H0[1;1H[24;57H+[1;1H[24;58Hr[1;1H[24;59H2[1;1H[24;60H3[1;1H[24;61H3[1;1H[24;62H2[1;1H[24;53H          [1;1HP+q6b37\P+q6b38\P+q6b39\P+q6b3b\P+q4631\[?25hP+q4632\P+q2531\P+q2638\P+q6b62\P+q6b49\P+q6b44\[?25l[24;53H^[[1;1H[24;55HP[1;1H[24;56H0[1;1H[24;57H+[1;1H[24;58Hr[1;1H[24;53H      [1;1HP+q6b68\P+q4037\P+q6b50\P+q6b4e\[?25h[?25l[24;53Hi[1;1H[24;53H [1;1H[24;1H[1m-- INSERT --[m[24;14H[K[24;63H0,1[11CAll[1;1H[?25hP+q4b31\P+q4b33\P+q4b34\P+q4b35\P+q6b42\P[?25l[24;53H^[[1;1H[24;55HP[1;1H[24;53H   [1;1H [?25h[?25lg[24;63H1,2[1;2H[?25h[?25li[24;65H3[1;3H[?25h[?25lt[24;65H4[1;4H[?25h[?25l[24;65H5[1;5H[?25h[?25lp[24;65H6[1;6H[?25h[?25lu[24;65H7[1;7H[?25h[?25ll[24;65H8[1;8H[?25h[?25ll[24;65H9[1;9H[?25h[?25l[24;65H10[1;10H[?25h[24;1H[K[1;9H[?25l[24;53H^[[1;9H[24;53H  [1;10H[24;63H1,9[11CAll[1;9H[?25h[?25l[24;53H:[1;9H[24;53H[K[24;1H:[?2004h[?25hwq[?25l[?2004l"up_to_date" [New] 1L, 10C written[23;2t[23;1t
[?2004l[?1l>[?25h[>4;m[?1049l[23;0;0t# git add .
# git commit -m| "How to be up to date in git"
[master 3c5af1d] How to be up to date in git
 2 files changed, 41 insertions(+), 1 deletion(-)
 create mode 100644 0x03-git/up_to_date
# h git push
Password for 'https://{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}@github.com': 
remote: Invalid username or password.
fatal: Authentication failed for 'https://github.com/RogueRasheed/alx-zero_day.git/'
# git push
Password for 'https://{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}@github.com': 
remote: Invalid username or password.
fatal: Authentication failed for 'https://github.com/RogueRasheed/alx-zero_day.git/'
# git push
Password for 'https://{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}@github.com': 
remote: Invalid username or password.
fatal: Authentication failed for 'https://github.com/RogueRasheed/alx-zero_day.git/'
# git push
Password for 'https://{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}@github.com': 
remote: Invalid username or password.
fatal: Authentication failed for 'https://github.com/RogueRasheed/alx-zero_day.git/'
# git push
Password for 'https://{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}@github.com': 
remote: Support for password authentication was removed on August 13, 2021.
remote: Please see https://docs.github.com/en/get-started/getting-started-with-git/about-remote-repositories#cloning-with-https-urls for information on currently recommended modes of authentication.
fatal: Authentication failed for 'https://github.com/RogueRasheed/alx-zero_day.git/'
# clear
[H[2J[3J# git push
Password for 'https://{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}@github.com': 
remote: Invalid username or password.
fatal: Authentication failed for 'https://github.com/RogueRasheed/alx-zero_day.git/'
# ^^M  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                                        git push
Password for 'https://{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}@github.com': 
remote: Support for password authentication was removed on August 13, 2021.
remote: Please see https://docs.github.com/en/get-started/getting-started-with-git/about-remote-repositories#cloning-with-https-urls for information on currently recommended modes of authentication.
fatal: Authentication failed for 'https://github.com/RogueRasheed/alx-zero_day.git/'
# git pushh
git: 'pushh' is not a git command. See 'git --help'.

The most similar command is
	push
# git push
Password for 'https://{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}@github.com': 
remote: Invalid username or password.
fatal: Authentication failed for 'https://github.com/RogueRasheed/alx-zero_day.git/'
# git push
Password for 'https://{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}@github.com': 
Enumerating objects: 8, done.
Counting objects:  12% (1/8)Counting objects:  25% (2/8)Counting objects:  37% (3/8)Counting objects:  50% (4/8)Counting objects:  62% (5/8)Counting objects:  75% (6/8)Counting objects:  87% (7/8)Counting objects: 100% (8/8)Counting objects: 100% (8/8), done.
Delta compression using up to 2 threads
Compressing objects:  25% (1/4)Compressing objects:  50% (2/4)Compressing objects:  75% (3/4)Compressing objects: 100% (4/4)Compressing objects: 100% (4/4), done.
Writing objects:  20% (1/5)Writing objects:  40% (2/5)Writing objects:  60% (3/5)Writing objects:  80% (4/5)Writing objects: 100% (5/5)Writing objects: 100% (5/5), 2.64 KiB | 2.64 MiB/s, done.
Total 5 (delta 1), reused 0 (delta 0)
remote: Resolving deltas:   0% (0/1)[Kremote: Resolving deltas: 100% (1/1)[Kremote: Resolving deltas: 100% (1/1), completed with 1 local object.[K
To https://github.com/RogueRasheed/alx-zero_day.git
   2225dce..3c5af1d  master -> master
# git merge update_script
Auto-merging 0x03-git/bash/alx
CONFLICT (content): Merge conflict in 0x03-git/bash/alx
Automatic merge failed; fix conflicts and then commit the result.
# cd bash
# vi alx
[?1049h[22;0;0t[>4;2m[?1h=[?2004h[1;24r[?12h[?12l[22;2t[22;1t[27m[23m[29m[m[H[2J[?25l[24;1H"alx" 6L, 103C[2;1H▽[6n[2;1H  [1;1H[>c]10;?]11;?[1;1H[34m#!/bin/bash[m
[33m<<<<<<<[m HEAD
[33mecho[m[31m [m[33m"[m[31mALX School is so cool![m[33m"
=======
echo[m[31m [m[33m"[m[31mALX School[m[33m"
>>>>>>>[m update_script
[1m[34m~                                                                               [8;1H~                                                                               [9;1H~                                                                               [10;1H~                                                                               [11;1H~                                                                               [12;1H~                                                                               [13;1H~                                                                               [14;1H~                                                                               [15;1H~                                                                               [16;1H~                                                                               [17;1H~                                                                               [18;1H~                                                                               [19;1H~                                                                               [20;1H~                                                                               [21;1H~                                                                               [22;1H~                                                                               [23;1H~                                                                               [m[24;63H2,12[10CAll[2;12H[?25hP+q436f\P+q6b75\P+q6b64\P+q6b72\P+q6b6c\P+q2332\P+q2334\P+q2569\P+q2a37\P+q6b31\[?12$pP+q6b32\P+q6b33\P+q6b34\P+q6b35\P+q6b36\[?25l[24;53H^[[2;12H[24;55HP[2;12H[24;56H0[2;12H[24;57H+[2;12H[24;58Hr[2;12H[24;59H2[2;12H[24;60H3[2;12H[24;61H3[2;12H[24;62H2[2;12H[24;53H          [2;12HP+q6b37\P+q6b38\P+q6b39\P+q6b3b\P+q4631\[?25hP+q4632\P+q2531\P+q2638\P+q6b62\P+q6b49\P+q6b44\[?25l[24;53H^[[2;12H[24;55HP[2;12H[24;56H0[2;12H[24;57H+[2;12H[24;58Hr[2;12H[24;53H      [2;12HP+q6b68\P+q4037\P+q6b50\P+q6b4e\[?25hP+q4b31\P+q4b33\P+q4b34\P+q4b35\P+q6b42\[?25l[24;53H^[[2;12H[24;53H  [2;12H[?25h[?25l[24;53H~@k[2;12H[24;53H   [3;12H[24;63H3[3;12H[?25h[?25l[24;53H~@k[3;12H[24;53H   [4;7H[24;63H4,7 [4;7H[?25h[?25l[24;53H~@k[4;7H[24;53H   [5;12H[24;63H5,12[5;12H[?25h[?25l[24;53H~@k[5;12H[24;53H   [6;12H[24;63H6[6;12H[?25h[?25l[24;53H~@k[6;12H[24;53H   [6;13H[24;66H3[6;13H[?25h[?25l[24;53H~@k[6;13H[24;53H   [6;14H[24;66H4[6;14H[?25h[?25l[24;53H~@k[6;14H[24;53H   [5;14H[24;63H5[5;14H[?25h[?25l[24;53H~@k[5;14H[24;53H   [4;7H[24;63H4,7 [4;7H[?25h[?25l[24;53H~@k[4;7H[24;53H   [5;14H[24;63H5,14[5;14H[?25h[?25l[24;53H~@k[5;14H[24;53H   [6;14H[24;63H6[6;14H[?25h[?25l[24;53Hi[6;14H[24;53H [6;14H[24;1H[1m-- INSERT --[m[24;13H[K[24;63H6,14[10CAll[6;14H[?25h[?25l[24;66H5[6;15H[?25h[?25l[24;66H6[6;16H[?25h[?25l[24;66H7[6;17H[?25h[?25l[24;66H8[6;18H[?25h[?25l[24;66H9[6;19H[?25h[?25l[24;65H20[6;20H[?25h[?25l[24;66H1[6;21H[?25h[?25l[24;66H2[6;22H[?25h[?25l[6;21H[K[24;66H1[6;21H[?25h[?25l[6;20H[K[24;66H0[6;20H[?25h[?25l[6;19H[K[24;65H19[6;19H[?25h[?25l[6;18H[K[24;66H8[6;18H[?25h[?25l[6;17H[K[24;66H7[6;17H[?25h[?25l[6;16H[K[24;66H6[6;16H[?25h[?25l[6;15H[K[24;66H5[6;15H[?25h[?25l[6;14H[K[24;66H4[6;14H[?25h[?25l[6;13H[K[24;66H3[6;13H[?25h[?25l[6;12H[K[24;66H2[6;12H[?25h[?25l[6;11H[K[24;66H1[6;11H[?25h[?25l[6;10H[K[24;66H0[6;10H[?25h[?25l[6;9H[K[24;65H9 [6;9H[?25h[?25l[24;65H8[6;8H[?25h[?25l[6;7H[K[24;65H7[6;7H[?25h[?25l[6;6H[K[24;65H6[6;6H[?25h[?25l[6;5H[K[24;65H5[6;5H[?25h[?25l[6;4H[K[24;65H4[6;4H[?25h[?25l[6;3H[K[24;65H3[6;3H[?25h[?25l[6;2H[K[24;65H2[6;2H[?25h[?25l[6;1H[K[24;65H1[6;1H[?25h[?25l[1m[34m~                                                                               [m[24;63H5,18[5;18H[?25h[?25l[5;17H[K[24;66H7[5;17H[?25h[?25l[5;16H[K[24;66H6[5;16H[?25h[?25l[5;15H[K[24;66H5[5;15H[?25h[?25l[5;14H[K[24;66H4[5;14H[?25h[?25l[5;13H[K[24;66H3[5;13H[?25h[?25l[5;12H[K[24;66H2[5;12H[?25h[?25l[5;11H[K[24;66H1[5;11H[?25h[?25l[5;10H[K[24;66H0[5;10H[?25h[?25l[5;9H[K[24;65H9 [5;9H[?25h[?25l[5;8H[K[24;65H8[5;8H[?25h[?25l[5;7H[K[24;65H7[5;7H[?25h[?25l[5;6H[K[24;65H6[5;6H[?25h[?25l[5;5H[K[24;65H5[5;5H[?25h[?25lech[5;4H[K[24;65H4[5;4H[?25h[?25l[5;3H[K[24;65H3[5;3H[?25h[?25l[5;2H[K[24;65H2[5;2H[?25h[?25l[5;1H[K[24;65H1[5;1H[?25h[?25l[1m[34m~                                                                               [m[24;63H4,8[4;8H[?25h[?25l[4;7H[K[24;65H7[4;7H[?25h[?25l[4;6H[K[24;65H6[4;6H[?25h[?25l[4;5H[K[24;65H5[4;5H[?25h[?25l[4;4H[K[24;65H4[4;4H[?25h[?25l[4;3H[K[24;65H3[4;3H[?25h[?25l[4;2H[K[24;65H2[4;2H[?25h[?25l[4;1H[K[24;65H1[4;1H[?25h[?25l[1m[34m~                                                                               [m[24;63H3,30[3;30H[?25h[?25l[3;29H[K[24;65H29[3;29H[?25h[?25l[3;28H[K[24;66H8[3;28H[?25h[?25l[3;27H[K[24;66H7[3;27H[?25h[?25l[31ml[m[24;66H8[3;28H[?25h[?25l[33m"[m[24;66H9[3;29H[?25h[?25l[4;1H[K[24;63H4,1 [4;1H[?25h[24;1H[K[4;1H[?25l[24;53H^[[4;1H[24;53H  [4;1H[24;63H4,0-1[9CAll[4;1H[?25h[?25l[24;53H~@k[4;1H[24;53H   [4;1H[?25h[?25l[24;53H~@k[4;1H[24;53H   [3;1H[24;63H3,1  [3;1H[?25h[?25l[24;53Hi[3;1H[24;53H [3;1H[24;1H[1m-- INSERT --[m[24;63H[K[24;63H3,1[11CAll[3;1H[?25h[?25l[24;63H2[2;1H[?25h[?25l[24;63H3[3;1H[?25h[?25l[2;23r[23;1H
[1;24r[2;1H[33m<<<<<<<[m HEADecho [33m"[m[31mALX School is so cool[m[33m"[m[23;1H[1m[34m~                                                                               [m[24;63H[K[24;63H2,13[10CAll[2;13H[?25h[?25lecho [33m"[m[31mALX School is so cool[m[33m"[m[2;40H[K[24;66H2[2;12H[?25h[?25lecho [33m"[m[31mALX School is so cool[m[33m"[m[2;39H[K[24;66H1[2;11H[?25h[?25lecho [33m"[m[31mALX School is so cool[m[33m"[m[2;38H[K[24;66H0[2;10H[?25h[?25l[33mecho[m[31m [m[33m"[m[31mALX School is so cool[m[33m"[m[2;37H[K[24;65H9 [2;9H[?25h[?25l[33mecho[m[31m [m[33m"[m[31mALX School is so cool[m[33m"[m[2;36H[K[24;65H8[2;8H[?25h[?25l[33mecho[m[31m [m[33m"[m[31mALX School is so cool[m[33m"[m[2;35H[K[24;65H7[2;7H[?25h[?25l[33mecho[m[31m "ALX School is so cool"[m[2;34H[K[24;65H6[2;6H[?25h[?25l[33mecho[m[31m [m[33m"[m[31mALX School is so cool[m[33m"[m[2;33H[K[24;65H5[2;5H[?25h[?25l[33mecho[m[31m [m[33m"[m[31mALX School is so cool[m[33m"[m[2;32H[K[24;65H4[2;4H[?25h[?25l[33mecho[m[31m "ALX School is so cool"[m[2;31H[K[24;65H3[2;3H[?25h[?25l[33mecho[m[31m [m[33m"[m[31mALX School is so cool[m[33m"[m[2;30H[K[24;65H2[2;2H[?25h[?25l[33mecho[m[31m [m[33m"[m[31mALX School is so cool[m[33m"[m[2;29H[K[24;65H1[2;1H[?25h[?25l[1;23r[23;1H
[1;24r[1;1H[34m#!/bin/bashecho "ALX School is so cool"[m[23;1H[1m[34m~                                                                               [m[24;63H[K[24;63H1,12[10CAll[1;12H[?25h[?25l[34mecho "ALX School is so cool"[m[1;39H[K[24;66H1[1;11H[?25h[?25l[34mecho "ALX School is so cool"[m[1;38H[K[24;66H0[1;10H[?25h[?25l[34mecho "ALX School is so cool"[m[1;37H[K[24;65H9 [1;9H[?25h[?25l[34mecho "ALX School is so cool"[m[1;36H[K[24;65H8[1;8H[?25h[?25l[34mecho "ALX School is so cool"[m[1;35H[K[24;65H7[1;7H[?25h[?25l[34mecho "ALX School is so cool"[m[1;34H[K[24;65H6[1;6H[?25h[?25l[34mecho "ALX School is so cool"[m[1;33H[K[24;65H5[1;5H[?25h[?25l[34mecho "ALX School is so cool"[m[1;32H[K[24;65H4[1;4H[?25h[?25l[34mecho "ALX School is so cool"[m[1;31H[K[24;65H3[1;3H[?25h[?25l[34mecho "ALX School is so cool"[m[1;30H[K[24;65H2[1;2H[?25h[?25l[33mecho[m[31m [m[33m"[m[31mALX School is so cool[m[33m"[m[1;29H[K[24;65H1[1;1H[?25h[?25l[24;63H2[2;1H[?25h[?25l[1m[34m~                                                                               [m[24;63H1,29[1;29H[?25h[?25l[24;66H8[1;28H[?25h[?25l[24;66H7[1;27H[?25h[?25l[24;66H6[1;26H[?25h[?25l[24;66H5[1;25H[?25h[?25l[24;66H4[1;24H[?25h[?25l[24;66H3[1;23H[?25h[?25l[24;66H2[1;22H[?25h[?25l[24;66H1[1;21H[?25h[?25l[24;66H0[1;20H[?25h[?25l[24;65H19[1;19H[?25h[?25l[24;66H8[1;18H[?25h[?25l[24;66H7[1;17H[?25h[?25l[24;66H6[1;16H[?25h[?25l[24;66H5[1;15H[?25h[?25l[24;66H4[1;14H[?25h[?25l[24;66H3[1;13H[?25h[?25l[24;66H2[1;12H[?25h[?25l[24;66H1[1;11H[?25h[?25l[24;66H0[1;10H[?25h[?25l[24;65H9 [1;9H[?25h[?25l[24;65H8[1;8H[?25h[?25l[24;65H7[1;7H[?25h[?25l[24;65H6[1;6H[?25h[?25l[24;65H5[1;5H[?25h[?25l[24;65H4[1;4H[?25h[?25l[24;65H3[1;3H[?25h[?25l[24;65H2[1;2H[?25h[?25l[24;65H1[1;1H[?25h[?25l[1;1H[K[2;1H[33mecho[m[31m [m[33m"[m[31mALX School is so cool[m[33m"[m[2;29H[K[24;63H2[2;1H[?25h[?25l[24;63H1[1;1H[?25h[?25l[34m#!/bin/bash[m[24;66H2[1;12H[?25h[?25l[24;63H2[2;12H[?25h[?25l[24;66H3[2;13H[?25h[?25l[24;66H4[2;14H[?25h[?25l[24;66H5[2;15H[?25h[?25l[24;66H6[2;16H[?25h[?25l[24;66H7[2;17H[?25h[?25l[24;66H8[2;18H[?25h[?25l[24;66H9[2;19H[?25h[?25l[24;65H20[2;20H[?25h[?25l[24;66H1[2;21H[?25h[?25l[24;66H2[2;22H[?25h[?25l[24;66H3[2;23H[?25h[?25l[24;66H4[2;24H[?25h[?25l[24;66H5[2;25H[?25h[?25l[24;66H6[2;26H[?25h[?25l[24;66H7[2;27H[?25h[?25l[24;66H8[2;28H[?25h[?25l[24;66H9[2;29H[?25h[24;1H[K[2;28H[?25l[24;53H^[[2;28H[24;53H  [2;29H[24;63H2,28[10CAll[2;28H[?25h[?25l[24;53H:[2;28H[24;53H[K[24;1H:[?2004h[?25hwq[?25l[?2004l"alx" 2L, 41C wr